{
  "generated_text": "\n    return reduce(lambda x, y: x * y, L)\n\ndef geometric",
  "details": {
    "best_of_sequences": null,
    "finish_reason": "length",
    "generated_tokens": 20,
    "seed": 0,
    "prefill": [
      {
        "id": 589,
        "text": "def",
        "logprob": null
      },
      {
        "id": 3226,
        "text": " ge",
        "logprob": -9.0234375
      },
      {
        "id": 21017,
        "text": "ometric",
        "logprob": -9.0859375
      },
      {
        "id": 81,
        "text": "_",
        "logprob": -0.25878906
      },
      {
        "id": 6009,
        "text": "mean",
        "logprob": -2.2109375
      },
      {
        "id": 26,
        "text": "(",
        "logprob": -0.30371094
      },
      {
        "id": 62,
        "text": "L",
        "logprob": -5.6054688
      },
      {
        "id": 44,
        "text": ":",
        "logprob": -3.0722656
      },
      {
        "id": 1682,
        "text": " List",
        "logprob": -0.6879883
      },
      {
        "id": 77,
        "text": "[",
        "logprob": -0.38500977
      },
      {
        "id": 1808,
        "text": "float",
        "logprob": -0.984375
      },
      {
        "id": 10794,
        "text": "]):",
        "logprob": -2.5351562
      }
    ],
    "tokens": [
      {
        "id": 284,
        "text": "\n   ",
        "logprob": -0.05831909,
        "special": false
      },
      {
        "id": 442,
        "text": " return",
        "logprob": 0,
        "special": false
      },
      {
        "id": 11665,
        "text": " reduce",
        "logprob": -0.9741211,
        "special": false
      },
      {
        "id": 26,
        "text": "(",
        "logprob": 0,
        "special": false
      },
      {
        "id": 5962,
        "text": "lambda",
        "logprob": 0,
        "special": false
      },
      {
        "id": 816,
        "text": " x",
        "logprob": 0,
        "special": false
      },
      {
        "id": 30,
        "text": ",",
        "logprob": 0,
        "special": false
      },
      {
        "id": 533,
        "text": " y",
        "logprob": 0,
        "special": false
      },
      {
        "id": 44,
        "text": ":",
        "logprob": 0,
        "special": false
      },
      {
        "id": 816,
        "text": " x",
        "logprob": 0,
        "special": false
      },
      {
        "id": 319,
        "text": " *",
        "logprob": 0,
        "special": false
      },
      {
        "id": 533,
        "text": " y",
        "logprob": 0,
        "special": false
      },
      {
        "id": 30,
        "text": ",",
        "logprob": 0,
        "special": false
      },
      {
        "id": 498,
        "text": " L",
        "logprob": 0,
        "special": false
      },
      {
        "id": 27,
        "text": ")",
        "logprob": 0,
        "special": false
      },
      {
        "id": 203,
        "text": "\n",
        "logprob": -0.11279297,
        "special": false
      },
      {
        "id": 203,
        "text": "\n",
        "logprob": 0,
        "special": false
      },
      {
        "id": 589,
        "text": "def",
        "logprob": 0,
        "special": false
      },
      {
        "id": 3226,
        "text": " ge",
        "logprob": 0,
        "special": false
      },
      {
        "id": 21017,
        "text": "ometric",
        "logprob": 0,
        "special": false
      }
    ]
  }
}
